Testfile[1m[2m › [22mRuns[22m
[7m[1m Runs [22m[27m  [2m Tests [22m
[2m3 recorded runs[22m
[1mSTARTED              RUN                   STATUS     DURATION  PASSED  FAILED  OTHERS     VARIANTS[22m
[7m2026-01-05 11:30:00  20260105-113000-bb02  [31m✘ failed [39m     1m38s  [32m     3[39m  [31m     3[39m  [2m         [22m          [27m
2026-01-05 09:00:00  20260105-090000-aa01  [32m✔ passed [39m     2m34s  [32m     6[39m          [2m         [22m
2026-01-04 09:00:00  20260104-090000-cc03  [32m✔ passed [39m     2m34s  [32m     6[39m          [2m         [22m  platfor…






















 [36m↑↓ pgup/pgdn[39m[2m navigate ·[22m [36ms[39m[2m sort column ·[22m [36mr[39m[2m reverse ·[22m [36menter/click[39m[2m open run ·[22m [36m/[39m[2m filter ·[22m [36mtab / 1 2[39m[2m sw…[22m