Testfile[1m[2m › [22mRuns[22m
[7m[1m Runs [22m[27m  [2m Tests [22m
[2m3 recorded runs[22m
[1mSTARTED              STATUS     DURATION  VARIANTS            TESTS                                [22m
[7m2026-01-05 11:30:00  [31m✘ failed [39m     1m38s                      3 failed, 3 passed                   [27m
2026-01-05 09:00:00  [32m✔ passed [39m     2m34s                      6 passed
2026-01-04 09:00:00  [32m✔ passed [39m     2m34s  platform=linux      6 passed






















 [36m↑↓ pgup/pgdn[39m[2m navigate ·[22m [36ms[39m[2m sort column ·[22m [36mr[39m[2m reverse ·[22m [36menter/click[39m[2m open run ·[22m [36m/[39m[2m filter ·[22m [36mtab / 1 2[39m[2m sw…[22m