Testfile[2m › [22mTests[2m › [22mci/build[1m[2m › [22m20260105-113000-bb02[22m
[7m[1m Overview [22m[27m  [2m Log [22m  [2m ⚙ db [22m  [2m ⚙ web [22m
[2m [22m
[7m[36mtest:      ci/build[39m[27m
[36m[2mrun:       20260105-113000-bb02[22m[39m
[36m[2mstarted:   2026-01-05T11:30:00.000Z[22m[39m
[36m[2mstatus:    passed (cached)[22m[39m
[36m[2moffset:    +200ms into the run[22m[39m
[36m[2mduration:  21.0s[22m[39m
[36m[2m [22m[39m
[36m[2mservices:[22m[39m
  db (stopped)
  web (stopped)
[36m[2m [22m[39m
[36m[2mlog:[22m[39m
$ npm run e2e
41 tests passed
boom: expected 4 to equal 5
  at math.test.ts:12










 [36m↑↓ pgup/pgdn[39m[2m move ·[22m [36mshift+↑↓[39m[2m select ·[22m [36mctrl-c[39m[2m copy selection ·[22m [36m←→[39m[2m pan ·[22m [36mw[39m[2m wrap ·[22m [36m/[39m[2m search ·[22m [36mn/N[39m[2m nex…[22m